Element 0 (of type _quadrangle_4) has physical name Sides.
Element 1 (of type _quadrangle_4) has physical name Top.
Element 2 (of type _quadrangle_4) has physical name Sides.
Element 3 (of type _quadrangle_4) has physical name Bottom.
Element 4 (of type _quadrangle_4) has physical name Sides.
Element 5 (of type _quadrangle_4) has physical name Sides.
Element 0 (of type _hexahedron_8) has physical name PhysVol.
