
Valid parameters for contact options:
  -e      [auto] Penalty parameter for Augmented-Lagrangian formulation
  -alpha  [1] Multiplier for values of the penalty parameter
  -utol   [1e-4] Tolerance used for multipliers in the Uzawa method
  -ntol   [1e-4] Tolerance used in the Newton-Raphson inner convergence loop
  -usteps [100]  Maximum number of steps allowed in the Uzawa loop
  -nsteps [100]  Maximum number of steps allowed in the Newton-Raphson loop

Valid flags:
  -dump          Dumping within Newton iterations
  -v             Verbose flag

Adding areas to slave nodes. 
Adding slave-master pairs
*** INFO *** Obtaining penalty parameters automatically. Average value: 2.82668e+09
Summary: Uzawa [1]: Newton [1]: 1
Summary: Uzawa [2]: Newton [3]: 2 1
Summary: Uzawa [19]: Newton [22]: 3 2 1 1 1 1 1 1 1 1 1 1 1 1 1 1 1 1 1
Summary: Uzawa [9]: Newton [11]: 2 2 1 1 1 1 1 1 1
Summary: Uzawa [8]: Newton [11]: 3 2 1 1 1 1 1 1
Summary: Uzawa [8]: Newton [10]: 2 2 1 1 1 1 1 1
Summary: Uzawa [8]: Newton [10]: 2 2 1 1 1 1 1 1
Summary: Uzawa [8]: Newton [10]: 2 2 1 1 1 1 1 1
Summary: Uzawa [7]: Newton [9]: 2 2 1 1 1 1 1
Summary: Uzawa [8]: Newton [10]: 2 2 1 1 1 1 1 1
Summary: Uzawa [8]: Newton [10]: 2 2 1 1 1 1 1 1
Summary: Uzawa [7]: Newton [9]: 2 2 1 1 1 1 1
Summary: Uzawa [10]: Newton [11]: 2 1 1 1 1 1 1 1 1 1
Summary: Uzawa [10]: Newton [11]: 2 1 1 1 1 1 1 1 1 1
Summary: Uzawa [10]: Newton [11]: 2 1 1 1 1 1 1 1 1 1
Summary: Uzawa [10]: Newton [11]: 2 1 1 1 1 1 1 1 1 1
Summary: Uzawa [10]: Newton [11]: 2 1 1 1 1 1 1 1 1 1
Summary: Uzawa [10]: Newton [11]: 2 1 1 1 1 1 1 1 1 1
Summary: Uzawa [9]: Newton [10]: 2 1 1 1 1 1 1 1 1
Summary: Uzawa [7]: Newton [8]: 2 1 1 1 1 1 1

         Disp.         Force  Max pressure
             0             0             0
         0.001          5687     2.067e+07
         0.002     8.807e+06     9.245e+09
         0.003     2.245e+07     1.188e+10
         0.004     3.799e+07     1.562e+10
         0.005     6.064e+07     1.871e+10
         0.006     8.543e+07     2.019e+10
         0.007     1.102e+08     2.036e+10
         0.008     1.368e+08     2.069e+10
         0.009     1.673e+08     2.088e+10
          0.01     1.971e+08     2.137e+10
         0.011     2.281e+08     2.395e+10
         0.012     2.736e+08     2.465e+10
         0.013     3.099e+08     2.494e+10
         0.014     3.484e+08     2.529e+10
         0.015     3.865e+08      2.56e+10
         0.016      4.25e+08     2.649e+10
         0.017     4.639e+08     2.914e+10
         0.018     5.084e+08     3.128e+10
         0.019     5.404e+08     3.273e+10
